Starting CORS tests with isolated module...
[32m[Nest] 8508  - [39m02/22/2026, 5:30:58 PM [32m    LOG[39m [38;5;3m[NestFactory] [39m[32mStarting Nest application...[39m
[32m[Nest] 8508  - [39m02/22/2026, 5:30:58 PM [32m    LOG[39m [38;5;3m[InstanceLoader] [39m[32mTestCorsModule dependencies initialized[39m[38;5;3m +22ms[39m
[32m[Nest] 8508  - [39m02/22/2026, 5:30:58 PM [32m    LOG[39m [38;5;3m[RoutesResolver] [39m[32mTestCorsController {/test-cors}:[39m[38;5;3m +18ms[39m
[32m[Nest] 8508  - [39m02/22/2026, 5:30:58 PM [32m    LOG[39m [38;5;3m[RouterExplorer] [39m[32mMapped {/test-cors, GET} route[39m[38;5;3m +6ms[39m
[32m[Nest] 8508  - [39m02/22/2026, 5:30:58 PM [32m    LOG[39m [38;5;3m[NestApplication] [39m[32mNest application successfully started[39m[38;5;3m +4ms[39m

--- Test 1: Allowed Origin (Localhost) ---
Ô£à PASS: Status should be 200
Ô£à PASS: Should allow http://localhost:3000
Ô£à PASS: Should allow credentials

--- Test 2: Allowed Origin (Production) ---
Ô£à PASS: Should allow production origin

--- Test 3: Blocked Origin ---
Ô£à PASS: Should NOT send ACAO header for blocked origin

--- Test 4: Preflight Allowed Method (PUT) ---
Ô£à PASS: Preflight status should be 204
Ô£à PASS: Should allow PUT method

--- Test 5: Preflight Blocked Method (DELETE) ---
Ô£à PASS: Should NOT allow DELETE method

Tests completed. Passed: 8, Failed: 0
